namespace Generated 
{
	using MessagePack.Formatters;

	public class SideFormatter: IMessagePackFormatter<MessagePack.Attributeless.Tests.Samples.Side>
	{
		public MessagePack.Attributeless.Tests.Samples.Side Deserialize(ref MessagePackReader reader, MessagePackSerializerOptions options)
		{
			return (MessagePack.Attributeless.Tests.Samples.Side) reader.ReadInt32((int) value)()
		}
		public void Serialize(ref MessagePackWriter writer, MessagePack.Attributeless.Tests.Samples.Side value, MessagePackSerializerOptions options) 
		{ 
			writer.WriteInt32(value);
		}
	}
}