---Subtypes---
MessagePack.Attributeless.Tests.Samples+IAnimal
  - MessagePack.Attributeless.Tests.Samples+Bird : 0
  - MessagePack.Attributeless.Tests.Samples+Mammal : 1
MessagePack.Attributeless.Tests.Samples+IExtremity
  - MessagePack.Attributeless.Tests.Samples+Arm : 0
  - MessagePack.Attributeless.Tests.Samples+Leg : 1
  - MessagePack.Attributeless.Tests.Samples+Wing : 2
---Properties---
MessagePack.Attributeless.Tests.Samples+Address
  - City : 0
  - Country : 1
  - StreetAddress : 2
  - ZipCode : 3
MessagePack.Attributeless.Tests.Samples+Arm
  - NumberOfFingers : 0
  - Side : 1
MessagePack.Attributeless.Tests.Samples+Bird
  - Extremities : 0
  - IncubationPeriod : 1
  - Name : 2
MessagePack.Attributeless.Tests.Samples+Leg
  - NumberOfToes : 0
  - Side : 1
MessagePack.Attributeless.Tests.Samples+Mammal
  - Extremities : 0
  - Gestation : 1
  - Name : 2
MessagePack.Attributeless.Tests.Samples+Person
  - Addresses : 0
  - Birthday : 1
  - Email : 2
  - FirstName : 3
  - LastName : 4
MessagePack.Attributeless.Tests.Samples+PersonWithPet
  - Human : 0
  - Pet : 1
MessagePack.Attributeless.Tests.Samples+Wing
  - Side : 0
  - Span : 1
---Overrides---
MessagePack.Attributeless.Tests.Samples+IExtremity : MessagePack.Attributeless.Tests.MessagePackSerializerOptionsBuilderTests+MySpecialExtremityFormatter
---Use Native Formatters---
False