Address
Arm
Bird
IAnimal
IExtremity
Leg
Mammal
Person
PersonWithPet
Wing